// Jest Snapshot v1, https://goo.gl/fbAQLP

exports[`src/components/List should render 1`] = `
ShallowWrapper {
  Symbol(enzyme.__root__): [Circular],
  Symbol(enzyme.__unrendered__): <List
    fetchMessages={
      [MockFunction] {
        "calls": Array [
          Array [],
        ],
        "results": Array [
          Object {
            "isThrow": false,
            "value": undefined,
          },
        ],
      }
    }
    isFailure={false}
    isPending={false}
    messages={
      Array [
        Object {
          "date": "2019-03-16T09:59:51.935Z",
          "id": "sha1('2019-03-16T09:59:51.935Z-zoe')",
          "message": "Duplexque isdem diebus acciderat malum, quod et",
          "private": false,
          "username": "zoe",
        },
      ]
    }
    username="yvln"
  />,
  Symbol(enzyme.__renderer__): Object {
    "batchedUpdates": [Function],
    "checkPropTypes": [Function],
    "getNode": [Function],
    "render": [Function],
    "simulateError": [Function],
    "simulateEvent": [Function],
    "unmount": [Function],
  },
  Symbol(enzyme.__node__): Object {
    "instance": null,
    "key": undefined,
    "nodeType": "function",
    "props": Object {
      "children": Array [
        <Message
          data={
            Object {
              "date": "2019-03-16T09:59:51.935Z",
              "id": "sha1('2019-03-16T09:59:51.935Z-zoe')",
              "message": "Duplexque isdem diebus acciderat malum, quod et",
              "private": false,
              "username": "zoe",
            }
          }
        />,
      ],
      "className": "List ",
    },
    "ref": null,
    "rendered": Array [
      Object {
        "instance": null,
        "key": "sha1('2019-03-16T09:59:51.935Z-zoe')",
        "nodeType": "class",
        "props": Object {
          "data": Object {
            "date": "2019-03-16T09:59:51.935Z",
            "id": "sha1('2019-03-16T09:59:51.935Z-zoe')",
            "message": "Duplexque isdem diebus acciderat malum, quod et",
            "private": false,
            "username": "zoe",
          },
        },
        "ref": null,
        "rendered": null,
        "type": [Function],
      },
    ],
    "type": [Function],
  },
  Symbol(enzyme.__nodes__): Array [
    Object {
      "instance": null,
      "key": undefined,
      "nodeType": "function",
      "props": Object {
        "children": Array [
          <Message
            data={
              Object {
                "date": "2019-03-16T09:59:51.935Z",
                "id": "sha1('2019-03-16T09:59:51.935Z-zoe')",
                "message": "Duplexque isdem diebus acciderat malum, quod et",
                "private": false,
                "username": "zoe",
              }
            }
          />,
        ],
        "className": "List ",
      },
      "ref": null,
      "rendered": Array [
        Object {
          "instance": null,
          "key": "sha1('2019-03-16T09:59:51.935Z-zoe')",
          "nodeType": "class",
          "props": Object {
            "data": Object {
              "date": "2019-03-16T09:59:51.935Z",
              "id": "sha1('2019-03-16T09:59:51.935Z-zoe')",
              "message": "Duplexque isdem diebus acciderat malum, quod et",
              "private": false,
              "username": "zoe",
            },
          },
          "ref": null,
          "rendered": null,
          "type": [Function],
        },
      ],
      "type": [Function],
    },
  ],
  Symbol(enzyme.__options__): Object {
    "adapter": ReactSixteenAdapter {
      "options": Object {
        "enableComponentDidUpdateOnSetState": true,
        "legacyContextMode": "parent",
        "lifecycles": Object {
          "componentDidUpdate": Object {
            "onSetState": true,
          },
          "getChildContext": Object {
            "calledByRenderer": false,
          },
          "getDerivedStateFromProps": Object {
            "hasShouldComponentUpdateBug": false,
          },
          "getSnapshotBeforeUpdate": true,
          "setState": Object {
            "skipsComponentDidUpdateOnNullish": true,
          },
        },
      },
    },
  },
  Symbol(enzyme.__childContext__): null,
}
`;
